
> client@0.0.0 build
> vite build

[36mvite v7.2.6 [32mbuilding client environment for production...[36m[39m
transforming...
[32mΓ£ô[39m 105 modules transformed.
node.exe : [31mΓ£ù[39m 
Build failed in 620ms
At C:\Program 
Files\nodejs\npm.ps1:29 
char:3
+   & $NODE_EXE $NPM_CLI_JS 
$args
+   ~~~~~~~~~~~~~~~~~~~~~~~~
~~~~~
    + CategoryInfo          
    : NotSpecified: ([31m  
  Γ£ù[39m Build failed i   
 n 620ms:String) [], Rem    
oteException
    + FullyQualifiedErrorId 
    : NativeCommandError
 
[31merror during build:
[31m[vite:esbuild] 
Transform failed with 1 
error:
E:/Alanxa/client/src/pages/A
dminBlog.jsx:449:0: ERROR: 
Unexpected "}"[31m
file: [36mE:/Alanxa/client/
src/pages/AdminBlog.jsx:449:
0[31m
[33m
[33mUnexpected "}"[33m
447 |      </div>
448 |    );
449 |  };
    |  ^
450 |  
451 |  export default 
AdminBlog;
[31m
    at failureErrorWithLog (
E:\Alanxa\client\node_module
s\esbuild\lib\main.js:1467:1
5)
    at E:\Alanxa\client\node
_modules\esbuild\lib\main.js
:736:50
    at responseCallbacks.<co
mputed> (E:\Alanxa\client\no
de_modules\esbuild\lib\main.
js:603:9)
    at handleIncomingPacket 
(E:\Alanxa\client\node_modul
es\esbuild\lib\main.js:658:1
2)
    at 
Socket.readFromStdout (E:\Al
anxa\client\node_modules\esb
uild\lib\main.js:581:7)
    at Socket.emit 
(node:events:518:28)
    at addChunk (node:intern
al/streams/readable:561:12)
    at readableAddChunkPushB
yteMode (node:internal/strea
ms/readable:512:3)
    at Readable.push (node:i
nternal/streams/readable:392
:5)
    at Pipe.onStreamRead (no
de:internal/stream_base_comm
ons:189:23)[39m
